[2m
  🔄 Prepare tool parameters...[0m[2m
  🧰 call_aiu1exll | LS {'path': '.'}
[0m[2m
  🔠 call_aiu1exll Executed
[0m[2m
  🔄 Prepare tool parameters...[0m[2m
  🧰 call_bdpmvaw9 | Read {'path': 'pipeline.py'}
[0m[2m
  🔠 call_bdpmvaw9 Executed
[0m[2m
  🔄 Prepare tool parameters...[0m[2m
  🧰 call_wwvb18a9 | ActivateSkill {'name': 'core-coding'}
[0m[2m
  🔠 call_wwvb18a9 Executed
[0m[2m
  🔄 Prepare tool parameters...[0m[2m
  🧰 call_z5j5g9zw | EnterPlanMode {'reason': 'Refactoring pipeline.py to ...'}
[0m[2m
  🔠 call_z5j5g9zw Executed
[0m[2m
  🔄 Prepare tool parameters...[0m[2m
  🧰 call_z8wysjbb | ExitPlanMode {'plan': 'I will refactor `pipeline. ...'}
[0m[2m
  💸 (Requests: 5 | Tool Calls: 4 | Total: 86008) Input: 85427 | Audio Input: 0 | Output: 581 | Audio Output: 0 | Cache Read: 0 | Cache Write: 0 | Details: {}
[0m

  🎰 Executing tool 'ExitPlanMode'
[m[0m
[m [0m[38;2;248;248;242m       [0m[38;2;255;70;137mplan[0m[38;2;248;248;242m:[0m[38;2;248;248;242m [0m[m|-[0m[m[0m
[m [0m[38;2;248;248;242m         [0m[38;2;102;217;239mI will refactor `pipeline.py` into `pipeline_refactored.py` with the following changes:[0m[m[0m[m[0m
[m[0m[38;2;248;248;242m[0m[m[0m[m[0m
[m [0m[38;2;248;248;242m         [0m[38;2;102;217;239m1.  **Configuration**: Replace hardcoded constants with `os.getenv()` calls for `DB_PATH`,[0m[m[0m[m[0m
[m [0m[38;2;102;217;239m`LOG_FILE`, `DB_HOST`, `DB_PORT`, `DB_USER`, and `DB_PASS`, providing the original values as defaults to[0m[m[0m
[m [0m[38;2;102;217;239mmaintain backward compatibility.[0m[m[0m[m[0m
[m [0m[38;2;248;248;242m         [0m[38;2;102;217;239m2.  **Log Parsing (Extract)**:[0m[m[0m[m[0m
[m [0m[38;2;248;248;242m             [0m[38;2;102;217;239m- Create a `LogEntry` dataclass to hold parsed data.[0m[m[0m[m[0m
[m [0m[38;2;248;248;242m             [0m[38;2;102;217;239m- Implement `parse_log_file(path: str) -> List[LogEntry]` using regex patterns for ERROR,[0m[m[0m[m[0m
[m [0m[38;2;102;217;239mINFO (User/API), and WARN lines.[0m[m[0m[m[0m
[m [0m[38;2;248;248;242m         [0m[38;2;102;217;239m3.  **Data Processing (Transform)**:[0m[m[0m[m[0m
[m [0m[38;2;248;248;242m             [0m[38;2;102;217;239m- Implement `summarize_errors(entries: List[LogEntry]) -> Dict[str, int]` to count error[0m[m[0m[m[0m
[m [0m[38;2;102;217;239moccurrences.[0m[m[0m[m[0m
[m [0m[38;2;248;248;242m             [0m[38;2;102;217;239m- Implement `calculate_api_metrics(entries: List[LogEntry]) -> Dict[str, List[int]]` to[0m[m[0m[m[0m
[m [0m[38;2;102;217;239mgroup latency by endpoint.[0m[m[0m[m[0m
[m [0m[38;2;248;248;242m             [0m[38;2;102;217;239m- Implement `track_active_sessions(entries: List[LogEntry]) -> Set[str]` to track users who[0m[m[0m
[m [0m[38;2;102;217;239mlogged in but not out.[0m[m[0m[m[0m
[m [0m[38;2;248;248;242m         [0m[38;2;102;217;239m4.  **Database Persistence (Load)**:[0m[m[0m[m[0m
[m [0m[38;2;248;248;242m             [0m[38;2;102;217;239m- Implement `save_metrics(db_path: str, error_summary: Dict[str, int], api_metrics:[0m[m[0m[m[0m
[m [0m[38;2;102;217;239mDict[str, List[int]])` using parameterized queries (`?` placeholders) to prevent SQL injection.[0m[m[0m[m[0m
[m [0m[38;2;248;248;242m         [0m[38;2;102;217;239m5.  **Report Generation**:[0m[m[0m[m[0m
[m [0m[38;2;248;248;242m             [0m[38;2;102;217;239m- Implement `generate_html_report(output_path: str, error_summary: Dict[str, int],[0m[m[0m[m[0m
[m [0m[38;2;102;217;239mapi_metrics: Dict[str, List[int]], active_sessions_count: int)` to produce the `report.html` file.[0m[m[0m[m[0m
[m [0m[38;2;248;248;242m         [0m[38;2;102;217;239m6.  **Main Orchestration**:[0m[m[0m[m[0m
[m [0m[38;2;248;248;242m             [0m[38;2;102;217;239m- Create a `run_pipeline()` function that wires these components together.[0m[m[0m[m[0m
[m [0m[38;2;248;248;242m             [0m[38;2;102;217;239m- Maintain the existing mock log file creation in `if __name__ == "__main__":` for testing.[0m[m[0m[m[0m
[m [0m[38;2;248;248;242m         [0m[38;2;102;217;239m7.  **Quality**: Add full type hints (`typing` module) and Google-style docstrings to all[0m[m[0m[m[0m
[m [0m[38;2;102;217;239mfunctions.[0m[m[0m[m[0m
[m[0m[38;2;248;248;242m[0m[m[0m[m[0m
[m [0m[38;2;248;248;242m         [0m[38;2;102;217;239mThe final deliverable will be `pipeline_refactored.py`. I will then run it to verify that[0m[m[0m[m[0m
[m [0m[38;2;102;217;239m`report.html` is generated correctly.[0m[m[0m[m[0m
[m[0m
  ❓ Allow tool Execution? (✅ Y | 🛑 n | ✏️ e)? 
👋 Zaruba is waiting for confirmation
 






 
[TIMEOUT after 600s]
