[2m
  🔄 Prepare tool parameters...[0m[2m
  🔄 Prepare tool parameters...[0m[2m
  🧰 call_xj87rvva | ActivateSkill {'name': 'core-coding'}
[0m[2m
  🧰 call_gjyv71tq | ActivateSkill {'name': 'core-journaling'}
[0m[2m
  🔠 call_xj87rvva Executed
[0m[2m
  🔠 call_gjyv71tq Executed
[0m[2m
  🔄 Prepare tool parameters...[0m[2m
  🧰 call_9r1jt6nu | Grep {'pattern': 'legacy_auth\\('}
[0m[2m
  🔠 call_9r1jt6nu Executed
[0m[2m
  🔄 Prepare tool parameters...[0m[2m
  🧰 call_yy3zl9l7 | WriteTodos {'todos': [{'description': 'Migrate call sites to new_auth(user_id, scope="write") for mutation endpoints', 'done': False}, {'description': 'Migrate call sites to new_auth(user_id, scope="read") for read-only endpoints', 'done': False}, {'description': 'Update imports from legacy_auth to new_auth across all affected files', 'done': False}, {'description': 'Verify zero remaining call sites of legacy_auth (excluding definition in app/auth.py)', 'done': False}, {'description': 'Verify project import: python -c "import app"', 'done': False}]}
[0m[2m
  🔠 call_yy3zl9l7 Executed
[0m[2m
  🔄 Prepare tool parameters...[0m[2m
  🧰 call_efno7dpq | WriteTodos {'replace': True, 'todos': [{'content': 'Migrate call sites to new_auth(user_id, scope="write") for mutation endpoints', 'status': 'pending'}, {'content': 'Migrate call sites to new_auth(user_id, scope="read") for read-only endpoints', 'status': 'pending'}, {'content': 'Update imports from legacy_auth to new_auth across all affected files', 'status': 'pending'}, {'content': 'Verify zero remaining call sites of legacy_auth (excluding definition in app/auth.py)', 'status': 'pending'}, {'content': 'Verify project import: python -c "import app"', 'status': 'pending'}]}
[0m📋 Todo list updated (5 items)

📋 Todo List (0/5, 0%, ☐ 5 pending)
     [1] Migrate call sites to new_auth(user_id, scope="write") for mutation endpoints
     [2] Migrate call sites to new_auth(user_id, scope="read") for read-only endpoints
     [3] Update imports from legacy_auth to new_auth across all affected files
     [4] Verify zero remaining call sites of legacy_auth (excluding definition in app/auth.py)
     [5] Verify project import: python -c "import app"
~DATA~{"total":5,"completed":0,"in_progress":0,"pending":5}
[2m
  🔠 call_efno7dpq Executed
[0m[2m
  🔄 Prepare tool parameters...[0m[2m
  🧰 call_az5lt6s7 | Grep {'pattern': 'from app\\.auth import lega ...'}
[0m[2m
  🔠 call_az5lt6s7 Executed
[0m[2m
  🔄 Prepare tool parameters...[0m[2m
  🔄 Prepare tool parameters...[0m[2m
  🔄 Prepare tool parameters...[0m[2m
  🔄 Prepare tool parameters...[0m[2m
  🔄 Prepare tool parameters...[0m[2m
  🔄 Prepare tool parameters...[0m[2m
  🔄 Prepare tool parameters...[0m[2m
  🔄 Prepare tool parameters...[0m[2m
  🔄 Prepare tool parameters...[0m[2m
  🔄 Prepare tool parameters...[0m[2m
  🔄 Prepare tool parameters...[0m[2m
  🔄 Prepare tool parameters...[0m[2m
  🔄 Prepare tool parameters...[0m[2m
  🔄 Prepare tool parameters...[0m[2m
  🔄 Prepare tool parameters...[0m[2m
  🔄 Prepare tool parameters...[0m[2m
  🔄 Prepare tool parameters...[0m[2m
  🔄 Prepare tool parameters...[0m[2m
  🔄 Prepare tool parameters...[0m[2m
  🔄 Prepare tool parameters...[0m[2m
  🔄 Prepare tool parameters...[0m[2m
  🔄 Prepare tool parameters...[0m[2m
  🔄 Prepare tool parameters...[0m[2m
  🔄 Prepare tool parameters...[0m[2m
  🔄 Prepare tool parameters...[0m[2m
  🔄 Prepare tool parameters...[0m[2m
  🔄 Prepare tool parameters...[0m[2m
  🔄 Prepare tool parameters...[0m[2m
  🔄 Prepare tool parameters...[0m[2m
  🔄 Prepare tool parameters...[0m[2m
  🔄 Prepare tool parameters...[0m[2m
  🔄 Prepare tool parameters...[0m[2m
  🔄 Prepare tool parameters...[0m[2m
  🔄 Prepare tool parameters...[0m[2m
  🔄 Prepare tool parameters...[0m[2m
  🔄 Prepare tool parameters...[0m[2m
  🔄 Prepare tool parameters...[0m[2m
  🧰 call_3xurf7p3 | Edit {'new_text': 'from app.auth import new_auth', 'old_text': 'from app.auth import legac ...', 'path': 'app/workers/nightly_export.py'}
[0m[2m
  🧰 call_mgib5f11 | Edit {'new_text': 'from app.auth import new_auth', 'old_text': 'from app.auth import legac ...', 'path': 'app/workers/cleanup.py'}
[0m[2m
  🧰 call_0wwkuw7w | Edit {'new_text': 'from app.auth import new_auth', 'old_text': 'from app.auth import legac ...', 'path': 'app/workers/indexer.py'}
[0m[2m
  🧰 call_teculza1 | Edit {'new_text': 'from app.auth import new_auth', 'old_text': 'from app.auth import legac ...', 'path': 'app/api/users_create.py'}
[0m[2m
  🧰 call_reh0hxvz | Edit {'new_text': 'from app.auth import new_auth', 'old_text': 'from app.auth import legac ...', 'path': 'app/services/ratelimiter.py'}
[0m[2m
  🧰 call_brik5icl | Edit {'new_text': 'from app.auth import new_auth', 'old_text': 'from app.auth import legac ...', 'path': 'app/utils/token_utils.py'}
[0m[2m
  🧰 call_81x1y9e8 | Edit {'new_text': 'from app.auth import new_auth', 'old_text': 'from app.auth import legac ...', 'path': 'app/db/users_repo.py'}
[0m[2m
  🧰 call_kpqpnd2u | Edit {'new_text': 'from app.auth import new_auth', 'old_text': 'from app.auth import legac ...', 'path': 'app/services/exporter.py'}
[0m[2m
  🧰 call_uztks8p9 | Edit {'new_text': 'from app.auth import new_auth', 'old_text': 'from app.auth import legac ...', 'path': 'app/services/billing.py'}
[0m[2m
  🧰 call_5gxjyt6e | Edit {'new_text': 'from app.auth import new_auth', 'old_text': 'from app.auth import legac ...', 'path': 'app/utils/permissions.py'}
[0m[2m
  🧰 call_n0496fh2 | Edit {'new_text': 'from app.auth import new_auth', 'old_text': 'from app.auth import legac ...', 'path': 'app/services/search_index.py'}
[0m[2m
  🧰 call_fpu79y7e | Edit {'new_text': 'from app.auth import new_auth', 'old_text': 'from app.auth import legac ...', 'path': 'app/api/users_update.py'}
[0m[2m
  🧰 call_puuyu1ym | Edit {'new_text': 'from app.auth import new_auth', 'old_text': 'from app.auth import legac ...', 'path': 'app/db/audit_repo.py'}
[0m[2m
  🧰 call_3jphrbgy | Edit {'new_text': 'from app.auth import new_auth', 'old_text': 'from app.auth import legac ...', 'path': 'app/services/mailer.py'}
[0m[2m
  🧰 call_xb8yyf7e | Edit {'new_text': 'from app.auth import new_auth', 'old_text': 'from app.auth import legac ...', 'path': 'app/services/importer.py'}
[0m[2m
  🧰 call_wt1krwqg | Edit {'new_text': 'from app.auth import new_auth', 'old_text': 'from app.auth import legac ...', 'path': 'app/services/notifier.py'}
[0m[2m
  🧰 call_jgw5mzlr | Edit {'new_text': 'from app.auth import new_auth', 'old_text': 'from app.auth import legac ...', 'path': 'app/api/users_delete.py'}
[0m[2m
  🧰 call_gjtpl15a | Edit {'new_text': 'from app.auth import new_auth', 'old_text': 'from app.auth import legac ...', 'path': 'app/utils/session_utils.py'}
[0m[2m
  🧰 call_iwyytqc6 | Edit {'new_text': 'from app.auth import new_auth', 'old_text': 'from app.auth import legac ...', 'path': 'app/utils/format_utils.py'}
[0m[2m
  🧰 call_7qo63d2z | Edit {'new_text': 'from app.auth import new_auth', 'old_text': 'from app.auth import legac ...', 'path': 'app/workers/metrics.py'}
[0m[2m
  🧰 call_od1i3eoq | Edit {'new_text': 'from app.auth import new_auth', 'old_text': 'from app.auth import legac ...', 'path': 'app/db/session_repo.py'}
[0m[2m
  🧰 call_cfyh2kid | Edit {'new_text': 'from app.auth import new_auth', 'old_text': 'from app.auth import legac ...', 'path': 'app/services/auditor.py'}
[0m[2m
  🧰 call_v2328qv9 | Edit {'new_text': 'from app.auth import new_auth', 'old_text': 'from app.auth import legac ...', 'path': 'app/db/tokens_repo.py'}
[0m[2m
  🧰 call_vxj89xn0 | Edit {'new_text': 'from app.auth import new_auth', 'old_text': 'from app.auth import legac ...', 'path': 'app/db/posts_repo.py'}
[0m[2m
  🧰 call_em0q0dnq | Edit {'new_text': 'from app.auth import new_auth', 'old_text': 'from app.auth import legac ...', 'path': 'app/api/comments_create.py'}
[0m[2m
  🧰 call_hsok6hup | Edit {'new_text': 'from app.auth import new_auth', 'old_text': 'from app.auth import legac ...', 'path': 'app/api/users_get.py'}
[0m[2m
  🧰 call_adrjms1f | Edit {'new_text': 'from app.auth import new_auth', 'old_text': 'from app.auth import legac ...', 'path': 'app/api/uploads_create.py'}
[0m[2m
  🧰 call_4o8jdz7d | Edit {'new_text': 'from app.auth import new_auth', 'old_text': 'from app.auth import legac ...', 'path': 'app/workers/sync.py'}
[0m[2m
  🧰 call_s9ob7gir | Edit {'new_text': 'from app.auth import new_auth', 'old_text': 'from app.auth import legac ...', 'path': 'app/api/posts_update.py'}
[0m[2m
  🧰 call_9v22qtrj | Edit {'new_text': 'from app.auth import new_auth', 'old_text': 'from app.auth import legac ...', 'path': 'app/api/posts_create.py'}
[0m[2m
  🧰 call_3n0fa72u | Edit {'new_text': 'from app.auth import new_auth', 'old_text': 'from app.auth import legac ...', 'path': 'app/api/users_list.py'}
[0m[2m
  🧰 call_6w48oqcr | Edit {'new_text': 'from app.auth import new_auth', 'old_text': 'from app.auth import legac ...', 'path': 'app/api/exports_get.py'}
[0m[2m
  🧰 call_0cjsyfp9 | Edit {'new_text': 'from app.auth import new_auth', 'old_text': 'from app.auth import legac ...', 'path': 'app/api/posts_list.py'}
[0m[2m
  🧰 call_58h1vp1g | Edit {'new_text': 'from app.auth import new_auth', 'old_text': 'from app.auth import legac ...', 'path': 'app/api/comments_list.py'}
[0m[2m
  🧰 call_bcj8k5va | Edit {'new_text': 'from app.auth import new_auth', 'old_text': 'from app.auth import legac ...', 'path': 'app/api/feed.py'}
[0m[2m
  🧰 call_tzl2wtx8 | Edit {'new_text': 'from app.auth import new_auth', 'old_text': 'from app.auth import legac ...', 'path': 'app/api/search.py'}
[0m[2m
  🧰 call_bhsr23ss | Edit {'new_text': 'from app.auth import new_auth', 'old_text': 'from app.auth import legac ...', 'path': 'app/api/posts_get.py'}
[0m  ✗ Failed to start LSP server 'pyright': Request 1 timed out after 30s
[2m
  🔠 call_3xurf7p3 Executed
[0m  ✗ Failed to start LSP server 'pyright': Request 1 timed out after 30s
[2m
  🔠 call_mgib5f11 Executed
[0m  ✗ Failed to start LSP server 'pyright': Request 1 timed out after 30s
[2m
  🔠 call_0wwkuw7w Executed
[0m  ✗ Failed to start LSP server 'pyright': Request 1 timed out after 30s
[2m
  🔠 call_teculza1 Executed
[0m  ✗ Failed to start LSP server 'pyright': Request 1 timed out after 30s
[2m
  🔠 call_reh0hxvz Executed
[0m  ✗ Failed to start LSP server 'pyright': Request 1 timed out after 30s
[2m
  🔠 call_brik5icl Executed
[0m  ✗ Failed to start LSP server 'pyright': Request 1 timed out after 30s
[2m
  🔠 call_81x1y9e8 Executed
[0m  ✗ Failed to start LSP server 'pyright': Request 1 timed out after 30s
[2m
  🔠 call_kpqpnd2u Executed
[0m  ✗ Failed to start LSP server 'pyright': Request 1 timed out after 30s
[2m
  🔠 call_uztks8p9 Executed
[0m  ✗ Failed to start LSP server 'pyright': Request 1 timed out after 30s
[2m
  🔠 call_5gxjyt6e Executed
[0m  ✗ Failed to start LSP server 'pyright': Request 1 timed out after 30s
[2m
  🔠 call_n0496fh2 Executed
[0m  ✗ Failed to start LSP server 'pyright': Request 1 timed out after 30s
[2m
  🔠 call_fpu79y7e Executed
[0m  ✗ Failed to start LSP server 'pyright': Request 1 timed out after 30s
[2m
  🔠 call_puuyu1ym Executed
[0m  ✗ Failed to start LSP server 'pyright': Request 1 timed out after 30s
[2m
  🔠 call_3jphrbgy Executed
[0m  ✗ Failed to start LSP server 'pyright': Request 1 timed out after 30s
[2m
  🔠 call_xb8yyf7e Executed
[0m  ✗ Failed to start LSP server 'pyright': Request 1 timed out after 30s
[2m
  🔠 call_wt1krwqg Executed
[0m  ✗ Failed to start LSP server 'pyright': Request 1 timed out after 30s
[2m
  🔠 call_jgw5mzlr Executed
[0m  ✗ Failed to start LSP server 'pyright': Request 1 timed out after 30s
[2m
  🔠 call_gjtpl15a Executed
[0m
[TIMEOUT after 600s]
