[2m
  🔄 Prepare tool parameters...[0m[2m  🔄 Prepare tool parameters ⠋[0m[2m[0m[2m
  🧰 chatcmpl-tool-94b29112c5b2a003 | ActivateSkillLS {"name":"core-coding"}{"path":"."}
[0m[2m
  🔠 chatcmpl-tool-94b29112c5b2a003 Executed
[0m
[SYSTEM] Invalid tool call detected, asking model to retry...
[2m
  🔄 Prepare tool parameters...[0m[2m
  🧰 call_3rvp51qb | ActivateSkill {'name': 'core-coding'}
[0m[2m
  🔠 call_3rvp51qb Executed
[0m[2m
  🔄 Prepare tool parameters...[0m[2m
  🧰 call_m4npxcvk | Shell {'command': 'python3 main.py'}
[0m  [2m[Worker 0] picked up job 1
[0m  [2m[Worker 1] picked up job 1
[0m  [2m[Worker 2] picked up job 1
[0m  [2m[Worker 3] picked up job 1
[0m  [2m[Worker 4] picked up job 1
[0m  [2m[Worker 0] finished job 1
[0m  [2m[Worker 1] finished job 1
[0m  [2m[Worker 2] finished job 1
[0m  [2m[Worker 3] finished job 1
[0m  [2m[Worker 4] finished job 1
[0m  [2m[Worker 0] picked up job 2
[0m  [2m[Worker 1] picked up job 2
[0m  [2m[Worker 2] picked up job 2
[0m  [2m[Worker 3] picked up job 2
[0m  [2m[Worker 4] picked up job 2
[0m  [2m[Worker 0] finished job 2
[0m  [2m[Worker 1] finished job 2
[0m  [2m[Worker 2] finished job 2
[0m  [2m[Worker 3] finished job 2
[0m  [2m[Worker 4] finished job 2
[0m  [2m[Worker 0] picked up job 3
[0m  [2m[Worker 1] picked up job 3
[0m  [2m[Worker 2] picked up job 3
[0m  [2m[Worker 3] picked up job 3
[0m  [2m[Worker 4] picked up job 3
[0m  [2m[Worker 0] finished job 3
[0m  [2m[Worker 1] finished job 3
[0m  [2m[Worker 2] finished job 3
[0m  [2m[Worker 3] finished job 3
[0m  [2m[Worker 4] finished job 3
[0m  [2m[Worker 0] picked up job 4
[0m  [2m[Worker 1] picked up job 4
[0m  [2m[Worker 2] picked up job 4
[0m  [2m[Worker 3] picked up job 4
[0m  [2m[Worker 4] picked up job 4
[0m  [2m[Worker 0] finished job 4
[0m  [2m[Worker 1] finished job 4
[0m  [2m[Worker 2] finished job 4
[0m  [2m[Worker 3] finished job 4
[0m  [2m[Worker 4] finished job 4
[0m  [2m[Worker 0] picked up job 5
[0m  [2m[Worker 1] picked up job 5
[0m  [2m[Worker 2] picked up job 5
[0m  [2m[Worker 3] picked up job 5
[0m  [2m[Worker 4] picked up job 5
[0m  [2m[Worker 0] finished job 5
[0m  [2m[Worker 1] finished job 5
[0m  [2m[Worker 2] finished job 5
[0m  [2m[Worker 3] finished job 5
[0m  [2m[Worker 4] finished job 5
[0m  [2m[Worker 0] picked up job 6
[0m  [2m[Worker 1] picked up job 6
[0m  [2m[Worker 2] picked up job 6
[0m  [2m[Worker 3] picked up job 6
[0m  [2m[Worker 4] picked up job 6
[0m  [2m[Worker 0] finished job 6
[0m  [2m[Worker 1] finished job 6
[0m  [2m[Worker 2] finished job 6
[0m  [2m[Worker 3] finished job 6
[0m  [2m[Worker 4] finished job 6
[0m  [2m[Worker 0] picked up job 7
[0m  [2m[Worker 1] picked up job 7
[0m  [2m[Worker 2] picked up job 7
[0m  [2m[Worker 3] picked up job 7
[0m  [2m[Worker 4] picked up job 7
[0m  [2m[Worker 0] finished job 7
[0m  [2m[Worker 1] finished job 7
[0m  [2m[Worker 2] finished job 7
[0m  [2m[Worker 3] finished job 7
[0m  [2m[Worker 4] finished job 7
[0m  [2m[Worker 0] picked up job 8
[0m  [2m[Worker 1] picked up job 8
[0m  [2m[Worker 2] picked up job 8
[0m  [2m[Worker 3] picked up job 8
[0m  [2m[Worker 4] picked up job 8
[0m  [2m[Worker 0] finished job 8
[0m  [2m[Worker 1] finished job 8
[0m  [2m[Worker 2] finished job 8
[0m  [2m[Worker 3] finished job 8
[0m  [2m[Worker 4] finished job 8
[0m  [2m[Worker 0] picked up job 9
[0m  [2m[Worker 1] picked up job 9
[0m  [2m[Worker 2] picked up job 9
[0m  [2m[Worker 3] picked up job 9
[0m  [2m[Worker 4] picked up job 9
[0m  [2m[Worker 0] finished job 9
[0m  [2m[Worker 1] finished job 9
[0m  [2m[Worker 2] finished job 9
[0m  [2m[Worker 3] finished job 9
[0m  [2m[Worker 4] finished job 9
[0m  [2m[Worker 0] picked up job 10
[0m  [2m[Worker 1] picked up job 10
[0m  [2m[Worker 2] picked up job 10
[0m  [2m[Worker 3] picked up job 10
[0m  [2m[Worker 4] picked up job 10
[0m  [2m[Worker 0] finished job 10
[0m  [2m[Worker 1] finished job 10
[0m  [2m[Worker 2] finished job 10
[0m  [2m[Worker 3] finished job 10
[0m  [2m[Worker 4] finished job 10
[0m  [2m[Worker 0] picked up job 11
[0m  [2m[Worker 1] picked up job 11
[0m  [2m[Worker 2] picked up job 11
[0m  [2m[Worker 3] picked up job 11
[0m  [2m[Worker 4] picked up job 11
[0m  [2m[Worker 0] job 11 failed: processing error for job 11
[0m  [2m[Worker 1] job 11 failed: processing error for job 11
[0m  [2m[Worker 2] job 11 failed: processing error for job 11
[0m  [2m[Worker 3] job 11 failed: processing error for job 11
[0m  [2m[Worker 4] job 11 failed: processing error for job 11
[0m  [2m[Worker 0] picked up job 12
[0m  [2m[Worker 1] picked up job 12
[0m  [2m[Worker 2] picked up job 12
[0m  [2m[Worker 3] picked up job 12
[0m  [2m[Worker 4] picked up job 12
[0m  [2m[Worker 0] job 12 failed: processing error for job 12
[0m  [2m[Worker 1] job 12 failed: processing error for job 12
[0m  [2m[Worker 2] job 12 failed: processing error for job 12
[0m  [2m[Worker 3] job 12 failed: processing error for job 12
[0m  [2m[Worker 4] job 12 failed: processing error for job 12
[0m  [2m
[0m  [2m=== Results ===
[0m  [2mDone:   10 (expected 10)
[0m  [2mFailed: 0 (expected 2)
[0m  [2mStuck:  2 (expected 0)
[0m[2m
  🔠 call_m4npxcvk Executed
[0m[2m
  🔄 Prepare tool parameters...[0m[2m
  🧰 call_ilggvj54 | Read {'path': 'job_queue.py'}
[0m[2m
  🔠 call_ilggvj54 Executed
[0m[2m
  🔄 Prepare tool parameters...[0m[2m
  🧰 call_u5ryt4b3 | Read {'path': 'worker.py'}
[0m[2m
  🔠 call_u5ryt4b3 Executed
[0m[2m
  🔄 Prepare tool parameters...[0m[2m
  🧰 call_cohij3zj | EnterPlanMode {'reason': 'I have identified the root ...'}
[0m[2m
  🔠 call_cohij3zj Executed
[0m[2m
  🔄 Prepare tool parameters...[0m[2m
  🧰 call_vwwk1azi | ExitPlanMode {'plan': '1. `job_queue.py`: Remove  ...'}
[0m[2m
  💸 (Requests: 6 | Tool Calls: 5 | Total: 118696) Input: 118287 | Audio Input: 0 | Output: 409 | Audio Output: 0 | Cache Read: 0 | Cache Write: 0 | Details: {}
[0m

  🎰 Executing tool 'ExitPlanMode'
[m[0m
[m [0m[38;2;248;248;242m       [0m[38;2;255;70;137mplan[0m[38;2;248;248;242m:[0m[38;2;248;248;242m [0m[m|-[0m[m[0m
[m [0m[38;2;248;248;242m         [0m[38;2;102;217;239m1. `job_queue.py`: Remove `await asyncio.sleep(0.01)` from `dequeue`. Since `job_queue.py` is[0m[m[0m[m[0m
[m [0m[38;2;102;217;239mnot using an external database or multi-threading (only `asyncio` on a single thread), removing the[0m[m[0m[m[0m
[m [0m[38;2;102;217;239m`await` makes the check-and-set operation atomic relative to other coroutines.[0m[m[0m[m[0m
[m [0m[38;2;248;248;242m         [0m[38;2;102;217;239m2. `worker.py`: In the `except` block of `process_job`, call `queue.fail(job["id"], str(e))` to[0m[m[0m
[m [0m[38;2;102;217;239mensure failed jobs are recorded and retried/marked as failed.[0m[m[0m[m[0m
[m[0m
  ❓ Allow tool Execution? (✅ Y | 🛑 n | ✏️ e)? 
👋 Zaruba is waiting for confirmation
 






 
[TIMEOUT after 600s]
