[2m
  🔄 Prepare tool parameters...[0m[2m
  🧰 pyd_ai_c2288b6d6e364ca7b392c0583b780dba | LS {'recursive': True, 'path': 'app'}
[0m[2m
  🔠 pyd_ai_c2288b6d6e364ca7b392c0583b780dba Executed
[0m[2m
  🔄 Prepare tool parameters...[0m[2m
  🧰 pyd_ai_138b25de7b2e4ddcb55ebda19fc571ea | LS {'path': 'app'}
[0m[2m
  🔠 pyd_ai_138b25de7b2e4ddcb55ebda19fc571ea Executed
[0m[2m
  🔄 Prepare tool parameters...[0m[2m
  🧰 pyd_ai_a0ce2f73b95a4eea87930e9d1d2016d3 | Grep {'pattern': 'legacy_auth', 'file_pattern': '**/*.py'}
[0m[2m
  🔠 pyd_ai_a0ce2f73b95a4eea87930e9d1d2016d3 Executed
[0m[2m
  🔄 Prepare tool parameters...[0m[2m
  🔄 Prepare tool parameters...[0m[2m
  🧰 pyd_ai_da1d9e7c51cb4d52bad1d88e00046754 | Edit {'new_text': 'from app.auth import new_auth', 'old_text': 'from app.auth import legac ...', 'path': 'app/services/notifier.py'}
[0m[2m
  🧰 pyd_ai_add8cf9db15a435b9b8b08c52fa43850 | Edit {'new_text': '    if not new_auth(user_i ...', 'old_text': 'if not legacy_auth(user_id):', 'path': 'app/services/notifier.py'}
[0m  ✗ Failed to start LSP server 'pyright': Request 1 timed out after 30s
[2m
  🔠 pyd_ai_da1d9e7c51cb4d52bad1d88e00046754 Executed
[0m  ✗ Failed to start LSP server 'pyright': Request 1 timed out after 30s
[2m
  🔠 pyd_ai_add8cf9db15a435b9b8b08c52fa43850 Executed
[0m[2m
  🔄 Prepare tool parameters...[0m[2m
  🧰 pyd_ai_7f4683356cf94bf2a45ee2a7dab5ec57 | Read {'path': 'app/services/notifier.py'}
[0m[2m
  🔠 pyd_ai_7f4683356cf94bf2a45ee2a7dab5ec57 Executed
[0m[2m
  🔄 Prepare tool parameters...[0m[2m
  🧰 pyd_ai_1315b77b421442c8ac89356c75662b34 | Edit {'old_text': '        if not new_auth(us ...', 'path': 'app/services/notifier.py', 'count': 1, 'new_text': '    if not new_auth(user_i ...'}
[0m  ✗ Failed to start LSP server 'pyright': Request 1 timed out after 30s
[2m
  🔠 pyd_ai_1315b77b421442c8ac89356c75662b34 Executed
[0m[2m
  🔄 Prepare tool parameters...[0m[2m
  🔄 Prepare tool parameters...[0m[2m
  🧰 pyd_ai_616ae93938c146f4976f23079f50c7fe | Edit {'new_text': 'from app.auth import new_auth', 'path': 'app/services/auditor.py', 'old_text': 'from app.auth import legac ...'}
[0m[2m
  🧰 pyd_ai_6d258d7fa1ae4292b609813ba71f3dd6 | Edit {'path': 'app/services/auditor.py', 'old_text': '    if not legacy_auth(use ...', 'new_text': '    if not new_auth(user_i ...'}
[0m  ✗ Failed to start LSP server 'pyright': Request 1 timed out after 30s
[2m
  🔠 pyd_ai_616ae93938c146f4976f23079f50c7fe Executed
[0m  ✗ Failed to start LSP server 'pyright': Request 1 timed out after 30s
[2m
  🔠 pyd_ai_6d258d7fa1ae4292b609813ba71f3dd6 Executed
[0m[2m
  🔄 Prepare tool parameters...[0m[2m
  🔄 Prepare tool parameters...[0m[2m
  🧰 pyd_ai_3d0afcd3b7ab45a2812b811d79a090bb | Edit {'new_text': 'from app.auth import new_auth', 'old_text': 'from app.auth import legac ...', 'path': 'app/services/search_index.py'}
[0m[2m
  🧰 pyd_ai_7c9c6e67fb7541b89854bed68ee3837a | Edit {'new_text': '    if not new_auth(user_i ...', 'path': 'app/services/search_index.py', 'old_text': '    if not legacy_auth(use ...'}
[0m  ✗ Failed to start LSP server 'pyright': Request 1 timed out after 30s
[2m
  🔠 pyd_ai_3d0afcd3b7ab45a2812b811d79a090bb Executed
[0m  ✗ Failed to start LSP server 'pyright': Request 1 timed out after 30s
[2m
  🔠 pyd_ai_7c9c6e67fb7541b89854bed68ee3837a Executed
[0m[2m
  🔄 Prepare tool parameters...[0m[2m
  🔄 Prepare tool parameters...[0m[2m
  🔄 Prepare tool parameters...[0m[2m
  🔄 Prepare tool parameters...[0m[2m
  🔄 Prepare tool parameters...[0m[2m
  🔄 Prepare tool parameters...[0m[2m
  🔄 Prepare tool parameters...[0m[2m
  🔄 Prepare tool parameters...[0m[2m
  🔄 Prepare tool parameters...[0m[2m
  🧰 pyd_ai_526a65b21b69456f9b5f7027d5a12d78 | Edit {'new_text': 'from app.auth import new_auth', 'old_text': 'from app.auth import legac ...', 'path': 'app/services/mailer.py'}
[0m[2m
  🧰 pyd_ai_1feb2169e3af49d29231892f911be023 | Edit {'old_text': '    if not legacy_auth(use ...', 'new_text': '    if not new_auth(user_i ...', 'path': 'app/services/mailer.py'}
[0m[2m
  🧰 pyd_ai_d949394b900d412986621a4291adcba8 | Edit {'path': 'app/services/importer.py', 'new_text': 'from app.auth import new_auth', 'old_text': 'from app.auth import legac ...'}
[0m[2m
  🧰 pyd_ai_b91ab008290c46c98e8937a69823a895 | Edit {'old_text': '    if not legacy_auth(use ...', 'new_text': '    if not new_auth(user_i ...', 'path': 'app/services/importer.py'}
[0m[2m
  🧰 pyd_ai_63e6c47966224e178082b9bd284daefc | Edit {'new_text': 'from app.auth import new_auth', 'old_text': 'from app.auth import legac ...', 'path': 'app/services/ratelimiter.py'}
[0m[2m
  🧰 pyd_ai_8b31e0e6609e4160abf53f983426d436 | Edit {'new_text': '    if not new_auth(user_i ...', 'old_text': '    if not legacy_auth(use ...', 'path': 'app/services/ratelimiter.py'}
[0m[2m
  🧰 pyd_ai_6e19006a44524fedb1c72281182f0b4c | Edit {'path': 'app/utils/token_utils.py', 'new_text': 'from app.auth import new_auth', 'old_text': 'from app.auth import legac ...'}
[0m[2m
  🧰 pyd_ai_bbfcf6be1eab4b19b5859032e4b62410 | Edit {'path': 'app/utils/token_utils.py', 'old_text': '    if not legacy_auth(use ...', 'new_text': '    if not new_auth(user_i ...'}
[0m[2m
  🧰 pyd_ai_171885b9fe0d4ec68e867eb6804e6c55 | Read {'path': 'app/auth.py'}
[0m[2m
  🔠 pyd_ai_171885b9fe0d4ec68e867eb6804e6c55 Executed
[0m  ✗ Failed to start LSP server 'pyright': Request 1 timed out after 30s
[2m
  🔠 pyd_ai_526a65b21b69456f9b5f7027d5a12d78 Executed
[0m  ✗ Failed to start LSP server 'pyright': Request 1 timed out after 30s
[2m
  🔠 pyd_ai_1feb2169e3af49d29231892f911be023 Executed
[0m  ✗ Failed to start LSP server 'pyright': Request 1 timed out after 30s
[2m
  🔠 pyd_ai_d949394b900d412986621a4291adcba8 Executed
[0m  ✗ Failed to start LSP server 'pyright': Request 1 timed out after 30s
[2m
  🔠 pyd_ai_b91ab008290c46c98e8937a69823a895 Executed
[0m  ✗ Failed to start LSP server 'pyright': Request 1 timed out after 30s
[2m
  🔠 pyd_ai_63e6c47966224e178082b9bd284daefc Executed
[0m  ✗ Failed to start LSP server 'pyright': Request 1 timed out after 30s
[2m
  🔠 pyd_ai_8b31e0e6609e4160abf53f983426d436 Executed
[0m  ✗ Failed to start LSP server 'pyright': Request 1 timed out after 30s
[2m
  🔠 pyd_ai_6e19006a44524fedb1c72281182f0b4c Executed
[0m  ✗ Failed to start LSP server 'pyright': Request 1 timed out after 30s
[2m
  🔠 pyd_ai_bbfcf6be1eab4b19b5859032e4b62410 Executed
[0m[2m
  🔄 Prepare tool parameters...[0m[2m
  🔄 Prepare tool parameters...[0m[2m
  🔄 Prepare tool parameters...[0m[2m
  🔄 Prepare tool parameters...[0m[2m
  🔄 Prepare tool parameters...[0m[2m
  🔄 Prepare tool parameters...[0m[2m
  🔄 Prepare tool parameters...[0m[2m
  🔄 Prepare tool parameters...[0m[2m
  🔄 Prepare tool parameters...[0m[2m
  🔄 Prepare tool parameters...[0m[2m
  🔄 Prepare tool parameters...[0m[2m
  🔄 Prepare tool parameters...[0m[2m
  🔄 Prepare tool parameters...[0m[2m
  🔄 Prepare tool parameters...[0m[2m
  🔄 Prepare tool parameters...[0m[2m
  🔄 Prepare tool parameters...[0m[2m
  🔄 Prepare tool parameters...[0m[2m
  🔄 Prepare tool parameters...[0m[2m
  🔄 Prepare tool parameters...[0m[2m
  🔄 Prepare tool parameters...[0m[2m
  🔄 Prepare tool parameters...[0m[2m
  🔄 Prepare tool parameters...[0m[2m
  🔄 Prepare tool parameters...[0m[2m
  🔄 Prepare tool parameters...[0m[2m
  🔄 Prepare tool parameters...[0m[2m
  🔄 Prepare tool parameters...[0m[2m
  🔄 Prepare tool parameters...[0m[2m
  🔄 Prepare tool parameters...[0m[2m
  🔄 Prepare tool parameters...[0m[2m
  🔄 Prepare tool parameters...[0m[2m
  🔄 Prepare tool parameters...[0m[2m
  🔄 Prepare tool parameters...[0m[2m
  🔄 Prepare tool parameters...[0m[2m
  🔄 Prepare tool parameters...[0m[2m
  🔄 Prepare tool parameters...[0m[2m
  🔄 Prepare tool parameters...[0m[2m
  🔄 Prepare tool parameters...[0m[2m
  🔄 Prepare tool parameters...[0m[2m
  🔄 Prepare tool parameters...[0m[2m
  🔄 Prepare tool parameters...[0m[2m
  🔄 Prepare tool parameters...[0m[2m
  🔄 Prepare tool parameters...[0m[2m
  🔄 Prepare tool parameters...[0m[2m
  🔄 Prepare tool parameters...[0m[2m
  🔄 Prepare tool parameters...[0m[2m
  🔄 Prepare tool parameters...[0m[2m
  🔄 Prepare tool parameters...[0m[2m
  🔄 Prepare tool parameters...[0m[2m
  🔄 Prepare tool parameters...[0m[2m
  🔄 Prepare tool parameters...[0m[2m
  🔄 Prepare tool parameters...[0m[2m
  🔄 Prepare tool parameters...[0m[2m
  🔄 Prepare tool parameters...[0m[2m
  🔄 Prepare tool parameters...[0m[2m
  🔄 Prepare tool parameters...[0m[2m
  🔄 Prepare tool parameters...[0m[2m
  🔄 Prepare tool parameters...[0m[2m
  🔄 Prepare tool parameters...[0m[2m
  🔄 Prepare tool parameters...[0m[2m
  🔄 Prepare tool parameters...[0m[2m
  🔄 Prepare tool parameters...[0m[2m
  🔄 Prepare tool parameters...[0m[2m
  🔄 Prepare tool parameters...[0m[2m
  🔄 Prepare tool parameters...[0m[2m
  🔄 Prepare tool parameters...[0m[2m
  🔄 Prepare tool parameters...[0m[2m
  🔄 Prepare tool parameters...[0m[2m
  🧰 pyd_ai_82e13e0bcfac4521acc99d4d6caa5be0 | Edit {'new_text': 'from app.auth import new_auth', 'old_text': 'from app.auth import legac ...', 'path': 'app/services/billing.py'}
[0m[2m
  🧰 pyd_ai_c4ed0389b14141f5b3afc0d5f64efc9c | Edit {'path': 'app/services/billing.py', 'old_text': '    if not legacy_auth(use ...', 'new_text': '    if not new_auth(user_i ...'}
[0m[2m
  🧰 pyd_ai_d6c2b977a6324636a02bab6d885d66d8 | Edit {'new_text': '    if not new_auth(user_i ...', 'old_text': '    if not legacy_auth(use ...', 'path': 'app/services/billing.py'}
[0m[2m
  🧰 pyd_ai_6136578802344d21893037d803ea5a0d | Edit {'new_text': 'from app.auth import new_auth', 'path': 'app/services/exporter.py', 'old_text': 'from app.auth import legac ...'}
[0m[2m
  🧰 pyd_ai_d0f4a6dab940420690a2d30b67145d1d | Edit {'path': 'app/services/exporter.py', 'old_text': '    if not legacy_auth(use ...', 'new_text': '    if not new_auth(user_i ...'}
[0m[2m
  🧰 pyd_ai_f8a00d112dc9416a9b598934f8225519 | Edit {'old_text': 'from app.auth import legac ...', 'path': 'app/utils/permissions.py', 'new_text': 'from app.auth import new_auth'}
[0m[2m
  🧰 pyd_ai_486408348d77499c86d2e26893014847 | Edit {'old_text': '    if not legacy_auth(use ...', 'path': 'app/utils/permissions.py', 'new_text': '    if not new_auth(user_i ...'}
[0m[2m
  🧰 pyd_ai_c9fc91a1d9d94a21895fdc795defbb1a | Edit {'path': 'app/utils/permissions.py', 'old_text': '    if not legacy_auth(use ...', 'new_text': '    if not new_auth(user_i ...'}
[0m[2m
  🧰 pyd_ai_eb910ef28acf4c69b5bdfdb927075ecf | Edit {'new_text': 'from app.auth import new_auth', 'old_text': 'from app.auth import legac ...', 'path': 'app/utils/session_utils.py'}
[0m[2m
  🧰 pyd_ai_4ecc5bbcf1474ce59789325a935f7fef | Edit {'new_text': '    if not new_auth(user_i ...', 'path': 'app/utils/session_utils.py', 'old_text': '    if not legacy_auth(use ...'}
[0m[2m
  🧰 pyd_ai_406cc446208e414e85de35cf40e873cb | Edit {'new_text': 'from app.auth import new_auth', 'path': 'app/utils/format_utils.py', 'old_text': 'from app.auth import legac ...'}
[0m[2m
  🧰 pyd_ai_7ae803d89f564c4e91075dc38df4b95a | Edit {'path': 'app/utils/format_utils.py', 'old_text': '    if not legacy_auth(use ...', 'new_text': '    if not new_auth(user_i ...'}
[0m[2m
  🧰 pyd_ai_f7e6067ed9494b279591d881d44f3b2a | Edit {'path': 'app/api/feed.py', 'old_text': 'from app.auth import legac ...', 'new_text': 'from app.auth import new_auth'}
[0m[2m
  🧰 pyd_ai_7157303d005b482182d6a27ee50cfd0a | Edit {'new_text': '    if not new_auth(user_i ...', 'old_text': '    if not legacy_auth(use ...', 'path': 'app/api/feed.py'}
[0m[2m
  🧰 pyd_ai_ad12e6e7b7614a218844d646bfe84ce1 | Edit {'new_text': '    if not new_auth(user_i ...', 'old_text': '    if not legacy_auth(use ...', 'path': 'app/api/feed.py'}
[0m[2m
  🧰 pyd_ai_ff6d42a31ff846bf8d25281f0a1c9f58 | Edit {'old_text': '    if not legacy_auth(use ...', 'path': 'app/api/feed.py', 'new_text': '    if not new_auth(user_i ...'}
[0m[2m
  🧰 pyd_ai_7cdc0b13a97c419aa5601c0c0c272539 | Edit {'old_text': 'from app.auth import legac ...', 'path': 'app/api/users_create.py', 'new_text': 'from app.auth import new_auth'}
[0m[2m
  🧰 pyd_ai_0bc011e2b04948cfb8a48ecde1fab36c | Edit {'new_text': '    if not new_auth(user_i ...', 'old_text': '    if not legacy_auth(use ...', 'path': 'app/api/users_create.py'}
[0m[2m
  🧰 pyd_ai_3b4e305e779a4cffb03f39c9ba41a87f | Edit {'path': 'app/api/search.py', 'old_text': 'from app.auth import legac ...', 'new_text': 'from app.auth import new_auth'}
[0m[2m
  🧰 pyd_ai_efcfa15f4223426c9e62e03946fc13c7 | Edit {'old_text': '    if not legacy_auth(use ...', 'path': 'app/api/search.py', 'new_text': '    if not new_auth(user_i ...'}
[0m[2m
  🧰 pyd_ai_3098e3c5de2c41318416e5db811ec106 | Edit {'old_text': '    if not legacy_auth(use ...', 'path': 'app/api/search.py', 'new_text': '    if not new_auth(user_i ...'}
[0m[2m
  🧰 pyd_ai_eafbb61f6ea34f8eb57e3d34e4609005 | Edit {'old_text': 'from app.auth import legac ...', 'path': 'app/workers/nightly_export.py', 'new_text': 'from app.auth import new_auth'}
[0m[2m
  🧰 pyd_ai_a4bf52d358684e00ada27668af53f103 | Edit {'path': 'app/workers/nightly_export.py', 'old_text': '    if not legacy_auth(use ...', 'new_text': '    if not new_auth(user_i ...'}
[0m[2m
  🧰 pyd_ai_a778f6e5e6684a5eb43de8c4dc726b47 | Edit {'new_text': 'from app.auth import new_auth', 'old_text': 'from app.auth import legac ...', 'path': 'app/api/comments_list.py'}
[0m[2m
  🧰 pyd_ai_cf987329fef54742a60fcbf4d073d6e3 | Edit {'new_text': '    if not new_auth(user_i ...', 'path': 'app/api/comments_list.py', 'old_text': '    if not legacy_auth(use ...'}
[0m[2m
  🧰 pyd_ai_f955e18aec374788b93aa1f2fd0def1f | Edit {'path': 'app/api/comments_list.py', 'old_text': '    if not legacy_auth(use ...', 'new_text': '    if not new_auth(user_i ...'}
[0m[2m
  🧰 pyd_ai_07c0ed1662174585899cd0e7b0e94426 | Edit {'old_text': 'from app.auth import legac ...', 'path': 'app/api/users_delete.py', 'new_text': 'from app.auth import new_auth'}
[0m[2m
  🧰 pyd_ai_d94f909fae394fe785addb44d5cb83cc | Edit {'path': 'app/api/users_delete.py', 'old_text': '    if not legacy_auth(use ...', 'new_text': '    if not new_auth(user_i ...'}
[0m[2m
  🧰 pyd_ai_55f0768288d845ef80421284ad027a51 | Edit {'new_text': 'from app.auth import new_auth', 'old_text': 'from app.auth import legac ...', 'path': 'app/api/comments_create.py'}
[0m[2m
  🧰 pyd_ai_65cf25606d234f49902d7f3ed7bfec8e | Edit {'new_text': '    if not new_auth(user_i ...', 'path': 'app/api/comments_create.py', 'old_text': '    if not legacy_auth(use ...'}
[0m[2m
  🧰 pyd_ai_b8a0217d4ec6438f96d6bf218d1cda1c | Edit {'path': 'app/api/posts_update.py', 'old_text': 'from app.auth import legac ...', 'new_text': 'from app.auth import new_auth'}
[0m[2m
  🧰 pyd_ai_7378be6867674e859fb440776386efe0 | Edit {'new_text': '    if not new_auth(user_i ...', 'path': 'app/api/posts_update.py', 'old_text': '    if not legacy_auth(use ...'}
[0m[2m
  🧰 pyd_ai_beed39d6d3424810a6b7301d9330a028 | Edit {'path': 'app/api/users_update.py', 'old_text': 'from app.auth import legac ...', 'new_text': 'from app.auth import new_auth'}
[0m[2m
  🧰 pyd_ai_4a25015d7b7c44f0a830995cf699018c | Edit {'new_text': '    if not new_auth(user_i ...', 'old_text': '    if not legacy_auth(use ...', 'path': 'app/api/users_update.py'}
[0m[2m
  🧰 pyd_ai_08e36ac05edb41fc95eb53e2f5915d04 | Edit {'new_text': 'from app.auth import new_auth', 'path': 'app/db/users_repo.py', 'old_text': 'from app.auth import legac ...'}
[0m[2m
  🧰 pyd_ai_1fa7a174e31d4534a908fb8ea0156517 | Edit {'path': 'app/db/users_repo.py', 'old_text': '    if not legacy_auth(use ...', 'new_text': '    if not new_auth(user_i ...'}
[0m[2m
  🧰 pyd_ai_fb72e33cafea42ff8356ba293db284ae | Edit {'new_text': '    if not new_auth(user_i ...', 'path': 'app/db/users_repo.py', 'old_text': '    if not legacy_auth(use ...'}
[0m[2m
  🧰 pyd_ai_331b3ffdb2f143f7a3b481b16a08a6b8 | Edit {'new_text': 'from app.auth import new_auth', 'old_text': 'from app.auth import legac ...', 'path': 'app/api/uploads_create.py'}
[0m[2m
  🧰 pyd_ai_5bb1271d80bf4530b9ec00b21609eb4b | Edit {'old_text': '    if not legacy_auth(use ...', 'path': 'app/api/uploads_create.py', 'new_text': '    if not new_auth(user_i ...'}
[0m[2m
  🧰 pyd_ai_b42f68691d2645b6b4654917274910dc | Edit {'old_text': 'from app.auth import legac ...', 'path': 'app/api/exports_get.py', 'new_text': 'from app.auth import new_auth'}
[0m[2m
  🧰 pyd_ai_4c601f16b12349f8906461369fe50f18 | Edit {'new_text': '    if not new_auth(user_i ...', 'path': 'app/api/exports_get.py', 'old_text': '    if not legacy_auth(use ...'}
[0m[2m
  🧰 pyd_ai_6f51952fd2124a56bb9847357bcc339b | Edit {'old_text': 'from app.auth import legac ...', 'path': 'app/workers/indexer.py', 'new_text': 'from app.auth import new_auth'}
[0m[2m
  🧰 pyd_ai_eba207e0ab5a4efcbb2b0e4aa9ce8ff7 | Edit {'new_text': '    if not new_auth(user_i ...', 'old_text': '    if not legacy_auth(use ...', 'path': 'app/workers/indexer.py'}
[0m[2m
  🧰 pyd_ai_499961d231334a20ace3cd6ef8ab2b53 | Edit {'new_text': 'from app.auth import new_auth', 'old_text': 'from app.auth import legac ...', 'path': 'app/api/users_get.py'}
[0m[2m
  🧰 pyd_ai_3607e0475a244b51847af26ff204e2ae | Edit {'path': 'app/api/users_get.py', 'old_text': '    if not legacy_auth(use ...', 'new_text': '    if not new_auth(user_i ...'}
[0m[2m
  🧰 pyd_ai_cc39daee3f5a4ed29933e409b5ffba12 | Edit {'new_text': 'from app.auth import new_auth', 'old_text': 'from app.auth import legac ...', 'path': 'app/db/posts_repo.py'}
[0m[2m
  🧰 pyd_ai_efa7a2ad88ba498aae70b468c9ba965c | Edit {'old_text': '    if not legacy_auth(use ...', 'path': 'app/db/posts_repo.py', 'new_text': '    if not new_auth(user_i ...'}
[0m[2m
  🧰 pyd_ai_d2b8c4bd8f924a509c4f08a2716c02b8 | Edit {'path': 'app/api/posts_create.py', 'old_text': 'from app.auth import legac ...', 'new_text': 'from app.auth import new_auth'}
[0m[2m
  🧰 pyd_ai_9949afda0f5a4467b31efbd1a4f5225f | Edit {'new_text': '    if not new_auth(user_i ...', 'path': 'app/api/posts_create.py', 'old_text': '    if not legacy_auth(use ...'}
[0m[2m
  🧰 pyd_ai_45a6d061544d4b1db33f55be5869829a | Edit {'new_text': 'from app.auth import new_auth', 'path': 'app/workers/metrics.py', 'old_text': 'from app.auth import legac ...'}
[0m[2m
  🧰 pyd_ai_cadc32391d8f445e9a62f91f12d8a55a | Edit {'new_text': '    if not new_auth(user_i ...', 'path': 'app/workers/metrics.py', 'old_text': '    if not legacy_auth(use ...'}
[0m[2m
  🧰 pyd_ai_098455fa3c804818a5dcca47dcf39d5a | Edit {'old_text': 'from app.auth import legac ...', 'path': 'app/workers/cleanup.py', 'new_text': 'from app.auth import new_auth'}
[0m[2m
  🧰 pyd_ai_25e01fe5b65f4f468aa3d9afbef534de | Edit {'new_text': '    if not new_auth(user_i ...', 'old_text': '    if not legacy_auth(use ...', 'path': 'app/workers/cleanup.py'}
[0m[2m
  🧰 pyd_ai_178fe511c6cb45f198e6d7f56480b100 | Edit {'old_text': 'from app.auth import legac ...', 'path': 'app/api/users_list.py', 'new_text': 'from app.auth import new_auth'}
[0m[2m
  🧰 pyd_ai_48b4131d128e4016bd8c81b5e72fccda | Edit {'new_text': '    if not new_auth(user_i ...', 'old_text': '    if not legacy_auth(use ...', 'path': 'app/api/users_list.py'}
[0m[2m
  🧰 pyd_ai_b88ddb1579e64cb0909a1171ab58f3b0 | Edit {'old_text': 'from app.auth import legac ...', 'path': 'app/db/audit_repo.py', 'new_text': 'from app.auth import new_auth'}
[0m[2m
  🧰 pyd_ai_7aead0e6cf5e469bb8c7cf36f21bd667 | Edit {'path': 'app/db/audit_repo.py', 'old_text': '    if not legacy_auth(use ...', 'new_text': '    if not new_auth(user_i ...'}
[0m[2m
  🧰 pyd_ai_51d64d78e6d841f4927e976eea7bee4e | Edit {'new_text': 'from app.auth import new_auth', 'path': 'app/db/tokens_repo.py', 'old_text': 'from app.auth import legac ...'}
[0m[2m
  🧰 pyd_ai_d6e4531beb7b4ccdb5793682418ccba1 | Edit {'path': 'app/db/tokens_repo.py', 'old_text': '    if not legacy_auth(use ...', 'new_text': '    if not new_auth(user_i ...'}
[0m[2m
  🧰 pyd_ai_e2398656f79e4deabe7d46cc738ec941 | Edit {'old_text': 'from app.auth import legac ...', 'path': 'app/api/posts_list.py', 'new_text': 'from app.auth import new_auth'}
[0m[2m
  🧰 pyd_ai_59bb1bb592044ef591548f72cf094c57 | Edit {'new_text': '    if not new_auth(user_i ...', 'path': 'app/api/posts_list.py', 'old_text': '    if not legacy_auth(use ...'}
[0m[2m
  🧰 pyd_ai_00ee3c44f467454aac5edef396ff9c61 | Edit {'old_text': 'from app.auth import legac ...', 'path': 'app/api/posts_get.py', 'new_text': 'from app.auth import new_auth'}
[0m[2m
  🧰 pyd_ai_b061c84b7ecf4276906c4f381e807844 | Edit {'new_text': '    if not new_auth(user_i ...', 'old_text': '    if not legacy_auth(use ...', 'path': 'app/api/posts_get.py'}
[0m[2m
  🧰 pyd_ai_bd67b0bfeb734a849cb54420a6729b4e | Edit {'new_text': 'from app.auth import new_auth', 'old_text': 'from app.auth import legac ...', 'path': 'app/db/session_repo.py'}
[0m[2m
  🧰 pyd_ai_ae813c3e210e4ff08555c14340ff5049 | Edit {'new_text': '    if not new_auth(user_i ...', 'old_text': '    if not legacy_auth(use ...', 'path': 'app/db/session_repo.py'}
[0m[2m
  🧰 pyd_ai_83bb08013331432e96f790183f123fcb | Edit {'new_text': 'from app.auth import new_auth', 'path': 'app/workers/sync.py', 'old_text': 'from app.auth import legac ...'}
[0m[2m
  🧰 pyd_ai_4b5fb42f05a4462198d5027f43b94fdc | Edit {'old_text': '    if not legacy_auth(use ...', 'path': 'app/workers/sync.py', 'new_text': '    if not new_auth(user_i ...'}
[0m  ✗ Failed to start LSP server 'pyright': Request 1 timed out after 30s
[2m
  🔠 pyd_ai_82e13e0bcfac4521acc99d4d6caa5be0 Executed
[0m  ✗ Failed to start LSP server 'pyright': Request 1 timed out after 30s
[2m
  🔠 pyd_ai_c4ed0389b14141f5b3afc0d5f64efc9c Executed
[0m  ✗ Failed to start LSP server 'pyright': Request 1 timed out after 30s
[2m
  🔠 pyd_ai_d6c2b977a6324636a02bab6d885d66d8 Executed
[0m
[TIMEOUT after 600s]
